C51 COMPILER V9.01   MAIN                                                                  02/05/2023 22:16:30 PAGE 1   


C51 COMPILER V9.01, COMPILATION OF MODULE MAIN
OBJECT MODULE PLACED IN ..\output\main.obj
COMPILER INVOKED BY: E:\keil\keil\keil install\C51\BIN\C51.EXE ..\source\main.c BROWSE DEBUG OBJECTEXTEND PRINT(.\main.l
                    -st) OBJECT(..\output\main.obj)

line level    source

   1          #include<reg51.h>
   2          #include"Key.h"
   3          #include"display.h"
   4          void Key_Service();
   5          void Dis_Service();
   6          
   7          unsigned int NumCut;
   8          void main()
   9          {       
  10   1              while(1)
  11   1              {
  12   2                      Dis_Service();
  13   2      
  14   2                      Key_Service();//按键的任务
  15   2      
  16   2                      Display(); //显示的任务
  17   2              }
  18   1      }
  19          
  20          void Key_Service() //键盘功能函数
  21          {
  22   1              switch(Key_Scan())
  23   1                      {
  24   2                              case 0:break;
  25   2                              case 1:
  26   2                                      NumCut++;
  27   2                                      if(NumCut>9999)
  28   2                                              NumCut = 0;
  29   2                              break;
  30   2                              case 2:
  31   2                                      NumCut++;
  32   2                                      if(NumCut>9999)
  33   2                                              NumCut = 9999;
  34   2                              break;
  35   2                              case 3:
  36   2                                      NumCut=0;
  37   2                              break;
  38   2                              case 4:
  39   2                                      NumCut=88;
  40   2                              break;
  41   2                              default: break;
  42   2                      }
  43   1      }
  44          void Dis_Service()
  45          {
  46   1              LEDBuf[0] = NumCut/1000; 
  47   1              LEDBuf[1] =     NumCut/100%10;
  48   1              LEDBuf[2] =     NumCut/10%10;
  49   1              LEDBuf[3] =     NumCut%10;      
  50   1      }


MODULE INFORMATION:   STATIC OVERLAYABLE
   CODE SIZE        =    152    ----
C51 COMPILER V9.01   MAIN                                                                  02/05/2023 22:16:30 PAGE 2   

   CONSTANT SIZE    =   ----    ----
   XDATA SIZE       =   ----    ----
   PDATA SIZE       =   ----    ----
   DATA SIZE        =      2    ----
   IDATA SIZE       =   ----    ----
   BIT SIZE         =   ----    ----
END OF MODULE INFORMATION.


C51 COMPILATION COMPLETE.  0 WARNING(S),  0 ERROR(S)
