BL51 BANKED LINKER/LOCATER V6.22                                                        04/20/2023  17:36:01  PAGE 1


BL51 BANKED LINKER/LOCATER V6.22, INVOKED BY:
E:\KEIL\KEIL5\KEIL5 INSTALL\C51\BIN\BL51.EXE ..\output\delay.obj, ..\output\key.obj, ..\output\LCD1602.obj, ..\output\LC
>> DShowMenu.obj, ..\output\main.obj TO ..\output\1602×Ô¶¯Ñ²¼ì·½Ê½ÏÔÊ¾16Â·ÎÂ¶ÈÊý¾Ý PRINT (..\listing\1602×Ô¶¯Ñ²¼ì·½Ê½ÏÔÊ
>> ¾16Â·ÎÂ¶ÈÊý¾Ý.m51) RAMSIZE (256)


MEMORY MODEL: SMALL


INPUT MODULES INCLUDED:
  ..\output\delay.obj (DELAY)
  ..\output\key.obj (KEY)
  ..\output\LCD1602.obj (LCD1602)
  ..\output\LCDShowMenu.obj (LCDSHOWMENU)
  ..\output\main.obj (MAIN)
  E:\KEIL\KEIL5\KEIL5 INSTALL\C51\LIB\C51S.LIB (?C_STARTUP)
  E:\KEIL\KEIL5\KEIL5 INSTALL\C51\LIB\C51S.LIB (?C?CLDPTR)
  E:\KEIL\KEIL5\KEIL5 INSTALL\C51\LIB\C51S.LIB (?C?CLDOPTR)
  E:\KEIL\KEIL5\KEIL5 INSTALL\C51\LIB\C51S.LIB (?C?CSTPTR)
  E:\KEIL\KEIL5\KEIL5 INSTALL\C51\LIB\C51S.LIB (?C?SIDIV)
  E:\KEIL\KEIL5\KEIL5 INSTALL\C51\LIB\C51S.LIB (?C?ILDOPTR)
  E:\KEIL\KEIL5\KEIL5 INSTALL\C51\LIB\C51S.LIB (?C_INIT)
  E:\KEIL\KEIL5\KEIL5 INSTALL\C51\LIB\C51S.LIB (?C?UIDIV)


LINK MAP OF MODULE:  ..\output\1602×Ô¶¯Ñ²¼ì·½Ê½ÏÔÊ¾16Â·ÎÂ¶ÈÊý¾Ý (DELAY)


            TYPE    BASE      LENGTH    RELOCATION   SEGMENT NAME
            -----------------------------------------------------

            * * * * * * *   D A T A   M E M O R Y   * * * * * * *
            REG     0000H     0008H     ABSOLUTE     "REG BANK 0"
            DATA    0008H     000DH     UNIT         ?DT?_INTEGERTOSTR?LCD1602
            DATA    0015H     0008H     UNIT         _DATA_GROUP_
                    001DH     0003H                  *** GAP ***
            BIT     0020H.0   0000H.1   UNIT         ?BI?MAIN
                    0020H.1   0000H.7                *** GAP ***
            DATA    0021H     0024H     UNIT         ?DT?MAIN
            DATA    0045H     0007H     UNIT         ?DT?_LCDSETCHAR?LCD1602
            IDATA   004CH     0001H     UNIT         ?STACK

            * * * * * * *   C O D E   M E M O R Y   * * * * * * *
            CODE    0000H     0003H     ABSOLUTE     
                    0003H     0008H                  *** GAP ***
            CODE    000BH     0003H     ABSOLUTE     
                    000EH     07F2H                  *** GAP ***
            CODE    0800H     011BH     UNIT         ?C?LIB_CODE
            CODE    091BH     009CH     UNIT         ?PR?_INTEGERTOSTR?LCD1602
            CODE    09B7H     008CH     UNIT         ?C_C51STARTUP
            CODE    0A43H     0088H     UNIT         ?PR?_SHOWTEMPDATA?LCDSHOWMENU
            CODE    0ACBH     0073H     UNIT         ?CO?LCDSHOWMENU
            CODE    0B3EH     006FH     UNIT         ?PR?SUBMENUTWO?LCDSHOWMENU
            CODE    0BADH     006FH     UNIT         ?PR?SUBMENUTHREE?LCDSHOWMENU
            CODE    0C1CH     006FH     UNIT         ?PR?SUBMENUFOUR?LCDSHOWMENU
            CODE    0C8BH     006EH     UNIT         ?PR?SUBMENUONE?LCDSHOWMENU
            CODE    0CF9H     0051H     UNIT         ?PR?KEY_SCAN?KEY
            CODE    0D4AH     003FH     UNIT         ?PR?_LCDSETCHAR?LCD1602
BL51 BANKED LINKER/LOCATER V6.22                                                      04/20/2023  17:36:01  PAGE 2


            CODE    0D89H     003BH     UNIT         ?PR?MAIN?MAIN
            CODE    0DC4H     0038H     UNIT         ?PR?KEYSERVICE?MAIN
            CODE    0DFCH     002DH     UNIT         ?PR?_LCDWRITEDATA?LCD1602
            CODE    0E29H     002DH     UNIT         ?PR?TIMER0_ISR?MAIN
            CODE    0E56H     002DH     UNIT         ?C_INITSEG
            CODE    0E83H     002BH     UNIT         ?PR?LCDREADBF?LCD1602
            CODE    0EAEH     0028H     UNIT         ?PR?_LCDSHOWSTR?LCD1602
            CODE    0ED6H     0027H     UNIT         ?PR?_LCDWRITECMD?LCD1602
            CODE    0EFDH     0022H     UNIT         ?PR?LCDSHOWSERVICE?MAIN
            CODE    0F1FH     001EH     UNIT         ?PR?_DELAYXMS?DELAY
            CODE    0F3DH     001EH     UNIT         ?PR?LCDINIT?LCD1602
            CODE    0F5BH     0019H     UNIT         ?PR?STARTMENU?LCDSHOWMENU
            CODE    0F74H     0014H     UNIT         ?PR?_LCDSETPOSITION?LCD1602
            CODE    0F88H     0013H     UNIT         ?PR?TIMER0_INIT?MAIN
            CODE    0F9BH     000CH     UNIT         ?PR?ALARMSETMENU?LCDSHOWMENU



OVERLAY MAP OF MODULE:   ..\output\1602×Ô¶¯Ñ²¼ì·½Ê½ÏÔÊ¾16Â·ÎÂ¶ÈÊý¾Ý (DELAY)


SEGMENT                                 DATA_GROUP 
  +--> CALLED SEGMENT                 START    LENGTH
-----------------------------------------------------
?C_C51STARTUP                         -----    -----
  +--> ?PR?MAIN?MAIN
  +--> ?C_INITSEG

?PR?MAIN?MAIN                         -----    -----
  +--> ?PR?LCDINIT?LCD1602
  +--> ?PR?_DELAYXMS?DELAY
  +--> ?PR?STARTMENU?LCDSHOWMENU
  +--> ?PR?TIMER0_INIT?MAIN
  +--> ?PR?_LCDWRITECMD?LCD1602
  +--> ?PR?KEYSERVICE?MAIN
  +--> ?PR?LCDSHOWSERVICE?MAIN

?PR?LCDINIT?LCD1602                   -----    -----
  +--> ?PR?_LCDWRITECMD?LCD1602

?PR?_LCDWRITECMD?LCD1602              001CH    0001H
  +--> ?PR?_DELAYXMS?DELAY

?PR?STARTMENU?LCDSHOWMENU             -----    -----
  +--> ?CO?LCDSHOWMENU
  +--> ?PR?_LCDSHOWSTR?LCD1602

?PR?_LCDSHOWSTR?LCD1602               0015H    0003H
  +--> ?PR?_LCDSETPOSITION?LCD1602
  +--> ?PR?_LCDWRITEDATA?LCD1602

?PR?_LCDSETPOSITION?LCD1602           001BH    0001H
  +--> ?PR?_LCDWRITECMD?LCD1602

?PR?_LCDWRITEDATA?LCD1602             001BH    0001H
  +--> ?PR?LCDREADBF?LCD1602
  +--> ?PR?_DELAYXMS?DELAY
BL51 BANKED LINKER/LOCATER V6.22                                                      04/20/2023  17:36:01  PAGE 3



?PR?LCDREADBF?LCD1602                 001CH    0001H

?PR?KEYSERVICE?MAIN                   -----    -----
  +--> ?PR?KEY_SCAN?KEY
  +--> ?PR?_LCDWRITECMD?LCD1602

?PR?KEY_SCAN?KEY                      0015H    0001H
  +--> ?PR?_DELAYXMS?DELAY

?PR?LCDSHOWSERVICE?MAIN               -----    -----
  +--> ?PR?SUBMENUONE?LCDSHOWMENU
  +--> ?PR?SUBMENUTWO?LCDSHOWMENU
  +--> ?PR?SUBMENUTHREE?LCDSHOWMENU
  +--> ?PR?SUBMENUFOUR?LCDSHOWMENU
  +--> ?PR?ALARMSETMENU?LCDSHOWMENU

?PR?SUBMENUONE?LCDSHOWMENU            -----    -----
  +--> ?CO?LCDSHOWMENU
  +--> ?PR?_LCDSHOWSTR?LCD1602
  +--> ?PR?_SHOWTEMPDATA?LCDSHOWMENU

?PR?_SHOWTEMPDATA?LCDSHOWMENU         0015H    0006H
  +--> ?PR?_LCDSETPOSITION?LCD1602
  +--> ?PR?_LCDWRITEDATA?LCD1602

?PR?SUBMENUTWO?LCDSHOWMENU            -----    -----
  +--> ?CO?LCDSHOWMENU
  +--> ?PR?_LCDSHOWSTR?LCD1602
  +--> ?PR?_SHOWTEMPDATA?LCDSHOWMENU

?PR?SUBMENUTHREE?LCDSHOWMENU          -----    -----
  +--> ?CO?LCDSHOWMENU
  +--> ?PR?_LCDSHOWSTR?LCD1602
  +--> ?PR?_SHOWTEMPDATA?LCDSHOWMENU

?PR?SUBMENUFOUR?LCDSHOWMENU           -----    -----
  +--> ?CO?LCDSHOWMENU
  +--> ?PR?_LCDSHOWSTR?LCD1602
  +--> ?PR?_SHOWTEMPDATA?LCDSHOWMENU

?PR?ALARMSETMENU?LCDSHOWMENU          -----    -----
  +--> ?CO?LCDSHOWMENU
  +--> ?PR?_LCDSHOWSTR?LCD1602



SYMBOL TABLE OF MODULE:  ..\output\1602×Ô¶¯Ñ²¼ì·½Ê½ÏÔÊ¾16Â·ÎÂ¶ÈÊý¾Ý (DELAY)

  VALUE           TYPE          NAME
  ----------------------------------

  -------         MODULE        DELAY
  C:0000H         SYMBOL        _ICE_DUMMY_
  C:0F1FH         PUBLIC        _delayxms
  -------         PROC          _DELAYXMS
  D:0006H         SYMBOL        xms
BL51 BANKED LINKER/LOCATER V6.22                                                      04/20/2023  17:36:01  PAGE 4


  -------         DO            
  D:0006H         SYMBOL        i
  D:0004H         SYMBOL        j
  -------         ENDDO         
  C:0F1FH         LINE#         3
  C:0F1FH         LINE#         4
  C:0F1FH         LINE#         6
  C:0F28H         LINE#         7
  C:0F28H         LINE#         8
  C:0F2CH         LINE#         9
  C:0F35H         LINE#         10
  C:0F3CH         LINE#         11
  -------         ENDPROC       _DELAYXMS
  -------         ENDMOD        DELAY

  -------         MODULE        KEY
  C:0000H         SYMBOL        _ICE_DUMMY_
  D:00B0H         PUBLIC        P3
  C:0CF9H         PUBLIC        Key_Scan
  B:00B0H.0       PUBLIC        KEY1
  B:00B0H.1       PUBLIC        KEY2
  B:00B0H.2       PUBLIC        KEY3
  B:00B0H.3       PUBLIC        KEY4
  -------         PROC          KEY_SCAN
  -------         DO            
  D:0015H         SYMBOL        KeyNum
  -------         ENDDO         
  C:0CF9H         LINE#         5
  C:0CF9H         LINE#         6
  C:0CF9H         LINE#         7
  C:0CFCH         LINE#         8
  C:0D04H         LINE#         9
  C:0D10H         LINE#         10
  C:0D10H         LINE#         11
  C:0D17H         LINE#         12
  C:0D23H         LINE#         13
  C:0D23H         LINE#         14
  C:0D26H         LINE#         15
  C:0D29H         LINE#         16
  C:0D2CH         LINE#         17
  C:0D2FH         LINE#         18
  C:0D32H         LINE#         19
  C:0D35H         LINE#         20
  C:0D38H         LINE#         21
  C:0D3BH         LINE#         22
  C:0D3BH         LINE#         23
  C:0D47H         LINE#         24
  C:0D47H         LINE#         25
  C:0D49H         LINE#         26
  -------         ENDPROC       KEY_SCAN
  -------         ENDMOD        KEY

  -------         MODULE        LCD1602
  C:0000H         SYMBOL        _ICE_DUMMY_
  D:0080H         PUBLIC        P0
  D:00A0H         PUBLIC        P2
  C:0D4AH         PUBLIC        _LCDSetChar
BL51 BANKED LINKER/LOCATER V6.22                                                      04/20/2023  17:36:01  PAGE 5


  B:00A0H.7       PUBLIC        LCD1602_EN
  B:00A0H.6       PUBLIC        LCD1602_RS
  B:00A0H.5       PUBLIC        LCD1602_RW
  C:0EAEH         PUBLIC        _LCDShowStr
  C:091BH         PUBLIC        _IntegerToStr
  C:0E83H         PUBLIC        LCDReadBF
  C:0F74H         PUBLIC        _LCDSetPosition
  C:0DFCH         PUBLIC        _LCDWriteData
  C:0F3DH         PUBLIC        LCDInit
  C:0ED6H         PUBLIC        _LCDWriteCmd
  -------         PROC          LCDREADBF
  -------         DO            
  D:0007H         SYMBOL        state
  D:001CH         SYMBOL        i
  -------         ENDDO         
  C:0E83H         LINE#         26
  C:0E83H         LINE#         27
  C:0E83H         LINE#         30
  C:0E86H         LINE#         31
  C:0E88H         LINE#         32
  C:0E8AH         LINE#         35
  C:0E8AH         LINE#         36
  C:0E8CH         LINE#         37
  C:0E91H         LINE#         38
  C:0E93H         LINE#         40
  C:0E95H         LINE#         41
  C:0E9EH         LINE#         42
  C:0EA0H         LINE#         43
  C:0EA2H         LINE#         44
  C:0EA9H         LINE#         45
  C:0EA9H         LINE#         46
  C:0EA9H         LINE#         47
  C:0EA9H         LINE#         48
  C:0EA9H         LINE#         49
  C:0EADH         LINE#         50
  -------         ENDPROC       LCDREADBF
  -------         PROC          _LCDWRITECMD
  D:001CH         SYMBOL        cmd
  C:0ED6H         LINE#         66
  C:0ED8H         LINE#         67
  C:0ED8H         LINE#         68
  C:0EDAH         LINE#         69
  C:0EDCH         LINE#         70
  C:0EDFH         LINE#         71
  C:0EE1H         LINE#         72
  C:0EE8H         LINE#         73
  C:0EEAH         LINE#         75
  C:0EF1H         LINE#         76
  C:0EF3H         LINE#         77
  C:0EFAH         LINE#         78
  C:0EFCH         LINE#         80
  -------         ENDPROC       _LCDWRITECMD
  -------         PROC          _LCDWRITEDATA
  D:001BH         SYMBOL        dat
  C:0DFCH         LINE#         94
  C:0DFEH         LINE#         95
  C:0DFEH         LINE#         96
BL51 BANKED LINKER/LOCATER V6.22                                                      04/20/2023  17:36:01  PAGE 6


  C:0E01H         LINE#         97
  C:0E04H         LINE#         98
  C:0E06H         LINE#         99
  C:0E08H         LINE#         100
  C:0E0BH         LINE#         101
  C:0E0DH         LINE#         102
  C:0E14H         LINE#         103
  C:0E16H         LINE#         105
  C:0E1DH         LINE#         106
  C:0E1FH         LINE#         107
  C:0E26H         LINE#         108
  C:0E28H         LINE#         109
  -------         ENDPROC       _LCDWRITEDATA
  -------         PROC          LCDINIT
  C:0F3DH         LINE#         120
  C:0F3DH         LINE#         121
  C:0F3DH         LINE#         122
  C:0F42H         LINE#         123
  C:0F47H         LINE#         124
  C:0F4CH         LINE#         125
  C:0F51H         LINE#         126
  C:0F56H         LINE#         127
  -------         ENDPROC       LCDINIT
  -------         PROC          _LCDSETPOSITION
  D:001BH         SYMBOL        x
  D:0005H         SYMBOL        y
  C:0F74H         LINE#         131
  C:0F76H         LINE#         132
  C:0F76H         LINE#         133
  C:0F79H         LINE#         134
  C:0F79H         LINE#         135
  C:0F7BH         LINE#         136
  C:0F7DH         LINE#         138
  C:0F7DH         LINE#         139
  C:0F87H         LINE#         140
  C:0F87H         LINE#         141
  -------         ENDPROC       _LCDSETPOSITION
  -------         PROC          _LCDSHOWSTR
  D:0007H         SYMBOL        x
  D:0005H         SYMBOL        y
  D:0015H         SYMBOL        str
  C:0EAEH         LINE#         142
  C:0EB4H         LINE#         143
  C:0EB4H         LINE#         144
  C:0EB7H         LINE#         145
  C:0EC2H         LINE#         146
  C:0EC2H         LINE#         147
  C:0ED3H         LINE#         148
  C:0ED5H         LINE#         149
  -------         ENDPROC       _LCDSHOWSTR
  -------         PROC          _LCDSETCHAR
  D:0045H         SYMBOL        x
  D:0046H         SYMBOL        y
  D:0047H         SYMBOL        pos
  D:0048H         SYMBOL        str
  -------         DO            
  D:004BH         SYMBOL        i
BL51 BANKED LINKER/LOCATER V6.22                                                      04/20/2023  17:36:01  PAGE 7


  -------         ENDDO         
  C:0D4AH         LINE#         173
  C:0D50H         LINE#         174
  C:0D50H         LINE#         178
  C:0D53H         LINE#         179
  C:0D53H         LINE#         180
  C:0D61H         LINE#         181
  C:0D74H         LINE#         182
  C:0D7DH         LINE#         184
  C:0D84H         LINE#         185
  -------         ENDPROC       _LCDSETCHAR
  -------         PROC          _INTEGERTOSTR
  D:0008H         SYMBOL        dat
  D:000AH         SYMBOL        str
  -------         DO            
  D:000DH         SYMBOL        i
  D:000EH         SYMBOL        len
  D:000FH         SYMBOL        buf
  -------         ENDDO         
  C:091BH         LINE#         196
  C:0925H         LINE#         198
  C:0925H         LINE#         202
  C:092EH         LINE#         203
  C:092EH         LINE#         204
  C:0939H         LINE#         205
  C:0948H         LINE#         206
  C:094AH         LINE#         207
  C:094AH         LINE#         209
  C:094AH         LINE#         210
  C:0963H         LINE#         211
  C:0972H         LINE#         212
  C:0972H         LINE#         213
  C:097FH         LINE#         214
  C:0985H         LINE#         215
  C:098FH         LINE#         216
  C:098FH         LINE#         217
  C:09A8H         LINE#         218
  C:09AAH         LINE#         219
  C:09B4H         LINE#         220
  C:09B6H         LINE#         221
  -------         ENDPROC       _INTEGERTOSTR
  -------         ENDMOD        LCD1602

  -------         MODULE        LCDSHOWMENU
  C:0000H         SYMBOL        _ICE_DUMMY_
  D:00A0H         PUBLIC        P2
  C:0C1CH         PUBLIC        SubmenuFour
  C:0C8BH         PUBLIC        SubmenuOne
  C:0B3EH         PUBLIC        SubmenuTwo
  C:0F5BH         PUBLIC        StartMenu
  C:0F9BH         PUBLIC        AlarmSetMenu
  C:0A47H         PUBLIC        _ShowTempData
  C:0BADH         PUBLIC        SubmenuThree
  -------         PROC          STARTMENU
  C:0F5BH         LINE#         5
  C:0F5BH         LINE#         6
  C:0F5BH         LINE#         7
BL51 BANKED LINKER/LOCATER V6.22                                                      04/20/2023  17:36:01  PAGE 8


  C:0F67H         LINE#         8
  -------         ENDPROC       STARTMENU
  -------         PROC          SUBMENUONE
  C:0C8BH         LINE#         11
  C:0C8BH         LINE#         12
  C:0C8BH         LINE#         13
  C:0C97H         LINE#         14
  C:0CA6H         LINE#         15
  C:0CB3H         LINE#         16
  C:0CBFH         LINE#         17
  C:0CCCH         LINE#         18
  C:0CDCH         LINE#         19
  C:0CE9H         LINE#         20
  -------         ENDPROC       SUBMENUONE
  -------         PROC          SUBMENUTWO
  C:0B3EH         LINE#         22
  C:0B3EH         LINE#         23
  C:0B3EH         LINE#         24
  C:0B4AH         LINE#         25
  C:0B5AH         LINE#         26
  C:0B67H         LINE#         27
  C:0B73H         LINE#         28
  C:0B80H         LINE#         29
  C:0B90H         LINE#         30
  C:0B9DH         LINE#         31
  -------         ENDPROC       SUBMENUTWO
  -------         PROC          SUBMENUTHREE
  C:0BADH         LINE#         34
  C:0BADH         LINE#         35
  C:0BADH         LINE#         36
  C:0BB9H         LINE#         37
  C:0BC9H         LINE#         38
  C:0BD6H         LINE#         39
  C:0BE2H         LINE#         40
  C:0BEFH         LINE#         41
  C:0BFFH         LINE#         42
  C:0C0CH         LINE#         43
  -------         ENDPROC       SUBMENUTHREE
  -------         PROC          SUBMENUFOUR
  C:0C1CH         LINE#         45
  C:0C1CH         LINE#         46
  C:0C1CH         LINE#         47
  C:0C28H         LINE#         48
  C:0C38H         LINE#         49
  C:0C45H         LINE#         50
  C:0C51H         LINE#         51
  C:0C5EH         LINE#         52
  C:0C6EH         LINE#         53
  C:0C7BH         LINE#         54
  -------         ENDPROC       SUBMENUFOUR
  -------         PROC          ALARMSETMENU
  C:0F9BH         LINE#         57
  C:0F9BH         LINE#         58
  C:0F9BH         LINE#         59
  -------         ENDPROC       ALARMSETMENU
  C:0A43H         SYMBOL        L?0009
  -------         PROC          L?0008
BL51 BANKED LINKER/LOCATER V6.22                                                      04/20/2023  17:36:01  PAGE 9


  -------         ENDPROC       L?0008
  C:0A43H         SYMBOL        L?0009
  -------         PROC          _SHOWTEMPDATA
  D:0007H         SYMBOL        x
  D:0005H         SYMBOL        y
  D:0017H         SYMBOL        buf
  D:001AH         SYMBOL        index
  C:0A47H         LINE#         61
  C:0A4DH         LINE#         62
  C:0A4DH         LINE#         63
  C:0A50H         LINE#         64
  C:0A75H         LINE#         65
  C:0AA1H         LINE#         66
  C:0AA6H         LINE#         67
  -------         ENDPROC       _SHOWTEMPDATA
  -------         ENDMOD        LCDSHOWMENU

  -------         MODULE        MAIN
  C:0000H         SYMBOL        _ICE_DUMMY_
  C:0DC4H         PUBLIC        KeyService
  D:00A0H         PUBLIC        P2
  D:00B0H         PUBLIC        P3
  C:0E29H         PUBLIC        Timer0_ISR
  B:00A8H.7       PUBLIC        EA
  D:0021H         PUBLIC        timer0cnt
  C:0D89H         PUBLIC        main
  B:0020H.0       PUBLIC        mode
  C:0F88H         PUBLIC        Timer0_Init
  D:0089H         PUBLIC        TMOD
  D:0023H         PUBLIC        menu
  B:00A8H.1       PUBLIC        ET0
  B:0088H.5       PUBLIC        TF0
  D:008CH         PUBLIC        TH0
  C:0EFDH         PUBLIC        LCDShowService
  D:008AH         PUBLIC        TL0
  D:0024H         PUBLIC        menuflag
  B:0088H.4       PUBLIC        TR0
  D:0025H         PUBLIC        TEMPbuf
  -------         PROC          MAIN
  C:0D89H         LINE#         16
  C:0D89H         LINE#         17
  C:0D89H         LINE#         18
  C:0D8CH         LINE#         19
  C:0D93H         LINE#         20
  C:0D96H         LINE#         21
  C:0D9DH         LINE#         22
  C:0DA0H         LINE#         23
  C:0DA5H         LINE#         24
  C:0DA5H         LINE#         25
  C:0DA5H         LINE#         26
  C:0DA8H         LINE#         27
  C:0DA8H         LINE#         28
  C:0DAAH         LINE#         29
  C:0DAFH         LINE#         30
  C:0DAFH         LINE#         31
  C:0DB2H         LINE#         32
  C:0DB4H         LINE#         33
BL51 BANKED LINKER/LOCATER V6.22                                                      04/20/2023  17:36:01  PAGE 10


  C:0DB9H         LINE#         34
  C:0DBCH         LINE#         35
  C:0DBCH         LINE#         36
  C:0DBCH         LINE#         37
  C:0DBFH         LINE#         38
  C:0DC2H         LINE#         39
  -------         ENDPROC       MAIN
  -------         PROC          TIMER0_INIT
  C:0F88H         LINE#         42
  C:0F88H         LINE#         43
  C:0F88H         LINE#         45
  C:0F8BH         LINE#         46
  C:0F8EH         LINE#         47
  C:0F91H         LINE#         48
  C:0F94H         LINE#         49
  C:0F96H         LINE#         50
  C:0F98H         LINE#         51
  C:0F9AH         LINE#         54
  -------         ENDPROC       TIMER0_INIT
  -------         PROC          TIMER0_ISR
  C:0E29H         LINE#         56
  C:0E2DH         LINE#         58
  C:0E2FH         LINE#         59
  C:0E37H         LINE#         60
  C:0E40H         LINE#         61
  C:0E40H         LINE#         62
  C:0E46H         LINE#         63
  C:0E49H         LINE#         64
  C:0E49H         LINE#         65
  C:0E4CH         LINE#         66
  C:0E4FH         LINE#         67
  C:0E51H         LINE#         68
  -------         ENDPROC       TIMER0_ISR
  -------         PROC          KEYSERVICE
  C:0DC4H         LINE#         70
  C:0DC4H         LINE#         71
  C:0DC4H         LINE#         72
  C:0DD6H         LINE#         73
  C:0DD6H         LINE#         74
  C:0DD9H         LINE#         75
  C:0DDCH         LINE#         76
  C:0DDCH         LINE#         77
  C:0DDEH         LINE#         78
  C:0DE0H         LINE#         79
  C:0DE5H         LINE#         80
  C:0DE5H         LINE#         81
  C:0DE7H         LINE#         82
  C:0DE7H         LINE#         83
  C:0DE9H         LINE#         84
  C:0DEBH         LINE#         85
  C:0DEEH         LINE#         86
  C:0DEFH         LINE#         87
  C:0DFBH         LINE#         88
  C:0DFBH         LINE#         89
  C:0DFBH         LINE#         90
  -------         ENDPROC       KEYSERVICE
  -------         PROC          LCDSHOWSERVICE
BL51 BANKED LINKER/LOCATER V6.22                                                      04/20/2023  17:36:01  PAGE 11


  C:0EFDH         LINE#         92
  C:0EFDH         LINE#         93
  C:0EFDH         LINE#         94
  C:0F0FH         LINE#         95
  C:0F0FH         LINE#         96
  C:0F12H         LINE#         97
  C:0F15H         LINE#         98
  C:0F18H         LINE#         99
  C:0F1BH         LINE#         100
  C:0F1EH         LINE#         101
  C:0F1EH         LINE#         103
  C:0F1EH         LINE#         104
  -------         ENDPROC       LCDSHOWSERVICE
  -------         ENDMOD        MAIN

  -------         MODULE        ?C?CLDPTR
  C:0800H         PUBLIC        ?C?CLDPTR
  -------         ENDMOD        ?C?CLDPTR

  -------         MODULE        ?C?CLDOPTR
  C:0819H         PUBLIC        ?C?CLDOPTR
  -------         ENDMOD        ?C?CLDOPTR

  -------         MODULE        ?C?CSTPTR
  C:0846H         PUBLIC        ?C?CSTPTR
  -------         ENDMOD        ?C?CSTPTR

  -------         MODULE        ?C?SIDIV
  C:0858H         PUBLIC        ?C?SIDIV
  -------         ENDMOD        ?C?SIDIV

  -------         MODULE        ?C?ILDOPTR
  C:088EH         PUBLIC        ?C?ILDOPTR
  -------         ENDMOD        ?C?ILDOPTR

  -------         MODULE        ?C?UIDIV
  C:08C6H         PUBLIC        ?C?UIDIV
  -------         ENDMOD        ?C?UIDIV

*** WARNING L16: UNCALLED SEGMENT, IGNORED FOR OVERLAY PROCESS
    SEGMENT: ?PR?_LCDSETCHAR?LCD1602

*** WARNING L16: UNCALLED SEGMENT, IGNORED FOR OVERLAY PROCESS
    SEGMENT: ?PR?_INTEGERTOSTR?LCD1602

******************************************************************************
* RESTRICTED VERSION WITH 0800H BYTE CODE SIZE LIMIT; USED: 0602H BYTE (75%) *
******************************************************************************

Program Size: data=73.1 xdata=0 code=1965
LINK/LOCATE RUN COMPLETE.  2 WARNING(S),  0 ERROR(S)
