C51 COMPILER V9.01   DISPLAY                                                               02/16/2023 23:24:48 PAGE 1   


C51 COMPILER V9.01, COMPILATION OF MODULE DISPLAY
OBJECT MODULE PLACED IN .\display.obj
COMPILER INVOKED BY: E:\keil\keil\keil install\C51\BIN\C51.EXE ..\source\display.c BROWSE DEBUG OBJECTEXTEND PRINT(.\dis
                    -play.lst) OBJECT(.\display.obj)

line level    source

   1          #include"display.h"       //数码管的显示程序
   2          
   3          
   4          unsigned char code leddata[]={ 
   5          //共阴极数码管的段码表
   6                                          0x3f, //0
   7                                          0x06, //1
   8                                          0x5b, //2
   9                                          0x4f, //3
  10                                          0x66, //4
  11                                          0x6d, //5
  12                                          0x7d, //6
  13                                          0x07, //7
  14                                          0x7f, //8
  15                                          0x6f, //9
  16                                          0xff, //a
  17                                          0x7c, //b
  18                                          0x39, //c
  19                                          0x5e, //d
  20                                          0x79, //e
  21                                          0x71, //f
  22                                          0x76, //h
  23                                          0x38, //l
  24                                          0x37, //n
  25                                          0x3e, //u
  26                                          0x73, //p
  27                                          0x5c, //0
  28                                          0x00,  //熄灭
  29                                          0x40  //--
  30                                           
  31          };
  32          
  33          unsigned char LEDBuf[] = {23,23,23,23}; //数据显示缓冲区
  34          unsigned char code PLACE_CODE[] = {0xfe,0xfd,0xfb, 0xf7}; //位选信号，是常量，放置到ROM中
  35          
  36          void Display()
  37          {
  38   1              static unsigned char i=0 ;
  39   1                      switch(i)
  40   1                      {
  41   2                              case 0:
  42   2                                      GPIO_DIG = leddata[LEDBuf[0]];
  43   2                                      GPIO_PLACE = PLACE_CODE[0];
  44   2                                      GPIO_DIG = 0x00;
  45   2                                      i++;
  46   2                                      break; 
  47   2                              case 1:
  48   2                                      GPIO_DIG = leddata[LEDBuf[1]];
  49   2                                      GPIO_PLACE = PLACE_CODE[1];
  50   2                                      GPIO_DIG = 0x00;
  51   2                                      i++;
  52   2                                      break; 
  53   2                              case 2:
  54   2                                      GPIO_DIG = leddata[LEDBuf[2]];
C51 COMPILER V9.01   DISPLAY                                                               02/16/2023 23:24:48 PAGE 2   

  55   2                                      GPIO_PLACE = PLACE_CODE[2];
  56   2                                      GPIO_DIG = 0x00;
  57   2                                      i++;
  58   2                                      break;
  59   2                              case 3:
  60   2                                      GPIO_DIG = leddata[LEDBuf[3]];
  61   2                                      GPIO_PLACE = PLACE_CODE[3];
  62   2                                      GPIO_DIG = 0x00;
  63   2                                      i=0;
  64   2                                      break;
  65   2                              default:break;
  66   2                      }
  67   1      
  68   1      }


MODULE INFORMATION:   STATIC OVERLAYABLE
   CODE SIZE        =     83    ----
   CONSTANT SIZE    =     28    ----
   XDATA SIZE       =   ----    ----
   PDATA SIZE       =   ----    ----
   DATA SIZE        =      5    ----
   IDATA SIZE       =   ----    ----
   BIT SIZE         =   ----    ----
END OF MODULE INFORMATION.


C51 COMPILATION COMPLETE.  0 WARNING(S),  0 ERROR(S)
