C51 COMPILER V9.01   MAIN                                                                  02/16/2023 20:49:21 PAGE 1   


C51 COMPILER V9.01, COMPILATION OF MODULE MAIN
OBJECT MODULE PLACED IN .\main.obj
COMPILER INVOKED BY: E:\keil\keil\keil install\C51\BIN\C51.EXE ..\source\main.c BROWSE DEBUG OBJECTEXTEND PRINT(.\main.l
                    -st) OBJECT(.\main.obj)

line level    source

   1          #include<reg51.h>
   2          
   3          sbit LED = P1^0;
   4          void Timer0Init(void);
   5          void main()
   6          {
   7   1              Timer0Init();
   8   1              while(1);
   9   1      }
  10          
  11          void Timer0Init(void)           //50毫秒@12.000MHz
  12          {
  13   1              TMOD &= 0xF0;           //设置定时器模式 GATE C/T M0 M1
  14   1              TMOD |= 0x01;           //设置定时器模式
  15   1              TL0 = 0xB0;             //设置定时初值 (65535-50000)%256
  16   1              TH0 = 0x3C;             //设置定时初值 (65535-50000)/256
  17   1              TF0 = 0;                //清除TF0标志
  18   1              ET0 = 1;
  19   1              EA = 1;  //打开中断
  20   1              TR0 = 1;                //定时器0开始计时
  21   1      }
  22          
  23          void timer0_ISR() interrupt 1
  24          {
  25   1              TL0 = 0xB0;             //设置定时初值 (65535-50000)%256
  26   1              TH0 = 0x3C;
  27   1              LED = ~LED;     
  28   1      }
  29          


MODULE INFORMATION:   STATIC OVERLAYABLE
   CODE SIZE        =     35    ----
   CONSTANT SIZE    =   ----    ----
   XDATA SIZE       =   ----    ----
   PDATA SIZE       =   ----    ----
   DATA SIZE        =   ----    ----
   IDATA SIZE       =   ----    ----
   BIT SIZE         =   ----    ----
END OF MODULE INFORMATION.


C51 COMPILATION COMPLETE.  0 WARNING(S),  0 ERROR(S)
