C51 COMPILER V9.54   MAIN                                                                  02/23/2023 01:34:44 PAGE 1   


C51 COMPILER V9.54, COMPILATION OF MODULE MAIN
OBJECT MODULE PLACED IN ..\output\main.obj
COMPILER INVOKED BY: E:\keil\keil5\keil5 install\C51\BIN\C51.EXE ..\source\main.c OPTIMIZE(8,SPEED) BROWSE DEBUG OBJECTE
                    -XTEND PRINT(..\listing\main.lst) TABS(2) OBJECT(..\output\main.obj)

line level    source

   1          #include<reg51.h>
   2          #include"display.h"
   3          #include"Key.h"
   4          
   5          void main()
   6          {
   7   1        while(1)
   8   1        { LEDBuf[0]=22;
   9   2          LEDBuf[1]=22;
  10   2          LEDBuf[1]=22;
  11   2          switch(Key_Scan())
  12   2          {
  13   3            case 1: LEDBuf[3]=1; break;
  14   3            case 2: LEDBuf[3]=2; break;
  15   3            case 3: LEDBuf[3]=3; break;
  16   3            case 4: LEDBuf[3]=4; break;
  17   3            case 5: LEDBuf[3]=5; break;
  18   3            case 6: LEDBuf[3]=6; break;
  19   3            case 7: LEDBuf[3]=7; break;
  20   3            case 8: LEDBuf[3]=8; break;
  21   3            case 9: LEDBuf[3]=9; break;
  22   3            case 10: LEDBuf[2]=1; LEDBuf[3]=0; break;
  23   3            case 11: LEDBuf[2]=1; LEDBuf[3]=1; break;
  24   3            case 12: LEDBuf[2]=1; LEDBuf[3]=2; break;
  25   3            case 13: LEDBuf[2]=1; LEDBuf[3]=3; break;
  26   3            case 14: LEDBuf[2]=1; LEDBuf[3]=4; break;
  27   3            case 15: LEDBuf[2]=1; LEDBuf[3]=5; break;
  28   3            case 16: LEDBuf[2]=1; LEDBuf[3]=6; break;
  29   3            default: break;
  30   3          }
  31   2          Display();
  32   2        }
  33   1      }


MODULE INFORMATION:   STATIC OVERLAYABLE
   CODE SIZE        =    171    ----
   CONSTANT SIZE    =   ----    ----
   XDATA SIZE       =   ----    ----
   PDATA SIZE       =   ----    ----
   DATA SIZE        =   ----    ----
   IDATA SIZE       =   ----    ----
   BIT SIZE         =   ----    ----
END OF MODULE INFORMATION.


C51 COMPILATION COMPLETE.  0 WARNING(S),  0 ERROR(S)
