C51 COMPILER V9.01   MAIN                                                                  02/21/2023 23:46:01 PAGE 1   


C51 COMPILER V9.01, COMPILATION OF MODULE MAIN
OBJECT MODULE PLACED IN ..\output\main.obj
COMPILER INVOKED BY: E:\keil\keil\keil install\C51\BIN\C51.EXE ..\source\main.c BROWSE DEBUG OBJECTEXTEND PRINT(..\listi
                    -ng\main.lst) OBJECT(..\output\main.obj)

line level    source

   1          #include<reg51.h>
   2          
   3          
   4          
   5          sbit PWM = P1^0;
   6          unsigned char PWM_DUTY;
   7          unsigned char PWM_Cnt;
   8          void Timer0Init(void);
   9          void EX0_Iint();
  10          void main()
  11          {
  12   1              Timer0Init();
  13   1              EX0_Iint();
  14   1              EA = 1;
  15   1              while(1)
  16   1              {
  17   2      
  18   2              }
  19   1      
  20   1      }
  21          
  22          void Timer0Init(void)           //1毫秒@12.000MHz
  23          {
  24   1              TMOD &= 0xF0;           //设置定时器模式
  25   1              TMOD |= 0x01;
  26   1              TL0 = 0x9C;             //设置定时初值
  27   1              TH0 = 0xFF;                     //设置定时初值
  28   1              TF0 = 0;                //清除TF0标志
  29   1              TR0 = 1;                //定时器0开始计时
  30   1              ET0 = 1;
  31   1              
  32   1      }
  33          
  34          void timer0_Service(void) interrupt 1
  35          {
  36   1              TR0 = 0;
  37   1              if(PWM_Cnt>=100)
  38   1              {
  39   2                      PWM_Cnt=0;              
  40   2              }
  41   1              if(PWM_Cnt<=PWM_DUTY)
  42   1              {
  43   2                      PWM = 1;
  44   2              }
  45   1              else
  46   1                      PWM = 0;
  47   1          TL0 = 0x9C;         //设置定时初值
  48   1              TH0 = 0xFF;             
  49   1              TR0 = 1;
  50   1      
  51   1      }
  52          
  53          void EX0_Iint()
  54          {
C51 COMPILER V9.01   MAIN                                                                  02/21/2023 23:46:01 PAGE 2   

  55   1              IT0 = 1;
  56   1              IE0 = 0;
  57   1              EX0 = 1;
  58   1      }
  59          void EX0_Service(void) interrupt 0
  60          {
  61   1              static unsigned char  PWM_KEY;
  62   1              PWM_KEY++;
  63   1              if(PWM_KEY>4)
  64   1                      PWM_KEY = 0;
  65   1              switch(PWM_KEY)
  66   1              {
  67   2                      case 0: PWM_DUTY = 0;  break;
  68   2                      case 1: PWM_DUTY = 25; break;
  69   2                      case 2: PWM_DUTY = 50; break;
  70   2                      case 3: PWM_DUTY = 75; break;
  71   2                      case 4: PWM_DUTY = 100; break;
  72   2                      default:break;
  73   2              }
  74   1      }


MODULE INFORMATION:   STATIC OVERLAYABLE
   CODE SIZE        =    140    ----
   CONSTANT SIZE    =   ----    ----
   XDATA SIZE       =   ----    ----
   PDATA SIZE       =   ----    ----
   DATA SIZE        =      3    ----
   IDATA SIZE       =   ----    ----
   BIT SIZE         =   ----    ----
END OF MODULE INFORMATION.


C51 COMPILATION COMPLETE.  0 WARNING(S),  0 ERROR(S)
